// Jest Snapshot v1, https://goo.gl/fbAQLP

exports[`<Test /> should render ... 1`] = `
<section
  class=""
>
  <h1>
    Test
  </h1>
  <svgrurl />
  <img
    src="/assets/logo-small.svg"
  />
</section>
`;
