// Jest Snapshot v1, https://goo.gl/fbAQLP

exports[`<Main /> should render main heading 1`] = `
<section
  class=""
>
  <h1>
    Main
  </h1>
</section>
`;
